// Jest Snapshot v1, https://goo.gl/fbAQLP

exports[`Raw HTML renders correctly 1`] = `
<div
  dangerouslySetInnerHTML={
    Object {
      "__html": "<span>Text</span>",
    }
  }
/>
`;
