// Jest Snapshot v1, https://goo.gl/fbAQLP

exports[`Raw HTML renders correctly 1`] = `
Array [
  <SPAN />,
  "Text",
  "Unknown node",
]
`;
